main:
  const r7, 1
  is_int r9, r7
  if_zero r9, 3
  const r10, 1
  mov r8, r10
  jmp 2
  const r11, 0
  mov r8, r11
  ret r8
mktab:
  mk_tab r1
  ret r1
