Compilation Failure: Missing argument(s), function - foo - requires 1 argument(s), but only 0 arguments were provided
