HALT REACHED: Illegal argument (1) passed to binary operator. Arguments must be integers
