Compilation Failure: Too many arguments, function - foo - requires 1 argument(s), but 2 arguments were provided
