HALT REACHED: Error: Invalid input on table read - first argument must be a table
