Compilation Failure: Function - foo - is not defined
