HALT REACHED: Error: Invalid input on table read - key does not exist
