HALT REACHED: Illegal argument (2) passed to binary operator. Arguments must be integers
