HALT REACHED: Error: Invalid input on table write - first argument must be a table
