Compilation Failure: Error: Variable - x - is not bound in this environment.
